loading checkpoint:   0%|          | 0/36 [00:00<?, ?stage/s]loading checkpoint:  11%|█         | 4/36 [00:00<00:01, 27.27stage/s]loading checkpoint:  19%|█▉        | 7/36 [00:00<00:01, 23.18stage/s]loading checkpoint:  28%|██▊       | 10/36 [00:00<00:01, 22.01stage/s]loading checkpoint:  36%|███▌      | 13/36 [00:00<00:01, 21.06stage/s]loading checkpoint:  44%|████▍     | 16/36 [00:00<00:00, 20.68stage/s]loading checkpoint:  53%|█████▎    | 19/36 [00:00<00:00, 18.72stage/s]loading checkpoint:  58%|█████▊    | 21/36 [00:01<00:00, 17.85stage/s]loading checkpoint:  64%|██████▍   | 23/36 [00:01<00:00, 17.30stage/s]loading checkpoint:  69%|██████▉   | 25/36 [00:01<00:00, 16.73stage/s]loading checkpoint:  75%|███████▌  | 27/36 [00:01<00:00, 16.13stage/s]loading checkpoint:  81%|████████  | 29/36 [00:01<00:00, 16.04stage/s]loading checkpoint:  86%|████████▌ | 31/36 [00:01<00:00, 15.70stage/s]loading checkpoint:  92%|█████████▏| 33/36 [00:01<00:00, 15.53stage/s]loading checkpoint:  97%|█████████▋| 35/36 [00:01<00:00, 15.53stage/s]loading checkpoint: 100%|██████████| 36/36 [00:02<00:00, 17.60stage/s]
INFO:     Started server process [23099]
INFO:     Waiting for application startup.
INFO:     Application startup complete.
INFO:     Uvicorn running on http://127.0.0.1:8000 (Press CTRL+C to quit)
INFO:     127.0.0.1:57122 - "GET /health HTTP/1.1" 200 OK
INFO:     127.0.0.1:57134 - "POST /v1/chat/completions HTTP/1.1" 200 OK
INFO:     127.0.0.1:52468 - "POST /v1/chat/completions HTTP/1.1" 200 OK
INFO:     127.0.0.1:50736 - "POST /v1/chat/completions HTTP/1.1" 200 OK
INFO:     127.0.0.1:50740 - "POST /v1/chat/completions HTTP/1.1" 500 Internal Server Error
ERROR:    Exception in ASGI application
Traceback (most recent call last):
  File "/root/miniconda3/lib/python3.12/site-packages/uvicorn/protocols/http/h11_impl.py", line 416, in run_asgi
    result = await app(  # type: ignore[func-returns-value]
             ^^^^^^^^^^^^^^^^^^^^^^^^^^^^^^^^^^^^^^^^^^^^^^
  File "/root/miniconda3/lib/python3.12/site-packages/uvicorn/middleware/proxy_headers.py", line 63, in __call__
    return await self.app(scope, receive, send)
           ^^^^^^^^^^^^^^^^^^^^^^^^^^^^^^^^^^^^
  File "/root/miniconda3/lib/python3.12/site-packages/fastapi/applications.py", line 1163, in __call__
    await super().__call__(scope, receive, send)
  File "/root/miniconda3/lib/python3.12/site-packages/starlette/applications.py", line 90, in __call__
    await self.middleware_stack(scope, receive, send)
  File "/root/miniconda3/lib/python3.12/site-packages/starlette/middleware/errors.py", line 186, in __call__
    raise exc
  File "/root/miniconda3/lib/python3.12/site-packages/starlette/middleware/errors.py", line 164, in __call__
    await self.app(scope, receive, _send)
  File "/root/miniconda3/lib/python3.12/site-packages/starlette/middleware/exceptions.py", line 63, in __call__
    await wrap_app_handling_exceptions(self.app, conn)(scope, receive, send)
  File "/root/miniconda3/lib/python3.12/site-packages/starlette/_exception_handler.py", line 53, in wrapped_app
    raise exc
  File "/root/miniconda3/lib/python3.12/site-packages/starlette/_exception_handler.py", line 42, in wrapped_app
    await app(scope, receive, sender)
  File "/root/miniconda3/lib/python3.12/site-packages/fastapi/middleware/asyncexitstack.py", line 18, in __call__
    await self.app(scope, receive, send)
  File "/root/miniconda3/lib/python3.12/site-packages/starlette/routing.py", line 660, in __call__
    await self.middleware_stack(scope, receive, send)
  File "/root/miniconda3/lib/python3.12/site-packages/fastapi/routing.py", line 2734, in app
    await route.handle(scope, receive, send)
  File "/root/miniconda3/lib/python3.12/site-packages/fastapi/routing.py", line 1281, in handle
    await super().handle(scope, receive, send)
  File "/root/miniconda3/lib/python3.12/site-packages/starlette/routing.py", line 276, in handle
    await self.app(scope, receive, send)
  File "/root/miniconda3/lib/python3.12/site-packages/fastapi/routing.py", line 158, in app
    await wrap_app_handling_exceptions(app, request)(scope, receive, send)
  File "/root/miniconda3/lib/python3.12/site-packages/starlette/_exception_handler.py", line 53, in wrapped_app
    raise exc
  File "/root/miniconda3/lib/python3.12/site-packages/starlette/_exception_handler.py", line 42, in wrapped_app
    await app(scope, receive, sender)
  File "/root/miniconda3/lib/python3.12/site-packages/fastapi/routing.py", line 144, in app
    response = await f(request)
               ^^^^^^^^^^^^^^^^
  File "/root/miniconda3/lib/python3.12/site-packages/fastapi/routing.py", line 706, in app
    raw_response = await run_endpoint_function(
                   ^^^^^^^^^^^^^^^^^^^^^^^^^^^^
  File "/root/miniconda3/lib/python3.12/site-packages/fastapi/routing.py", line 352, in run_endpoint_function
    return await dependant.call(**values)
           ^^^^^^^^^^^^^^^^^^^^^^^^^^^^^^
  File "/root/autodl-tmp/rist_p2_1_0f1024b/areno/cli/serve.py", line 282, in chat_completions
    return await _await_pending_response(state, raw_request, pending)
           ^^^^^^^^^^^^^^^^^^^^^^^^^^^^^^^^^^^^^^^^^^^^^^^^^^^^^^^^^^
  File "/root/autodl-tmp/rist_p2_1_0f1024b/areno/cli/serve.py", line 379, in _await_pending_response
    return await asyncio.shield(item.future)
           ^^^^^^^^^^^^^^^^^^^^^^^^^^^^^^^^^
  File "/root/autodl-tmp/rist_p2_1_0f1024b/areno/cli/serve.py", line 326, in _run_request_task
    response = await _run_request_rollout(app, item)
               ^^^^^^^^^^^^^^^^^^^^^^^^^^^^^^^^^^^^^
  File "/root/autodl-tmp/rist_p2_1_0f1024b/areno/cli/serve.py", line 342, in _run_request_rollout
    rollout = await state.engine.generate_rollout_async(
              ^^^^^^^^^^^^^^^^^^^^^^^^^^^^^^^^^^^^^^^^^^
  File "/root/autodl-tmp/rist_p2_1_0f1024b/areno/engine/api.py", line 370, in generate_rollout_async
    return await self._generate_rollout_async_once(
           ^^^^^^^^^^^^^^^^^^^^^^^^^^^^^^^^^^^^^^^^
  File "/root/autodl-tmp/rist_p2_1_0f1024b/areno/engine/api.py", line 447, in _generate_rollout_async_once
    results = await self.cluster.call_async(
              ^^^^^^^^^^^^^^^^^^^^^^^^^^^^^^
  File "/root/autodl-tmp/rist_p2_1_0f1024b/areno/engine/protocol.py", line 335, in call_async
    return await asyncio.wait_for(future, timeout=timeout)
           ^^^^^^^^^^^^^^^^^^^^^^^^^^^^^^^^^^^^^^^^^^^^^^^
  File "/root/miniconda3/lib/python3.12/asyncio/tasks.py", line 520, in wait_for
    return await fut
           ^^^^^^^^^
RuntimeError: rank 0 failed during Op.INFER_ROLLOUT:
Traceback (most recent call last):
  File "/root/autodl-tmp/rist_p2_1_0f1024b/areno/engine/protocol.py", line 556, in _worker_entry
    for request_id, payload in worker.run_rollout_command(cmd):
                               ^^^^^^^^^^^^^^^^^^^^^^^^^^^^^^^
  File "/root/autodl-tmp/rist_p2_1_0f1024b/areno/engine/worker.py", line 167, in run_rollout_command
    return self.run_continuous_rollout_payload(payload, request_ids, counts)
           ^^^^^^^^^^^^^^^^^^^^^^^^^^^^^^^^^^^^^^^^^^^^^^^^^^^^^^^^^^^^^^^^^
  File "/root/autodl-tmp/rist_p2_1_0f1024b/areno/engine/worker.py", line 270, in run_continuous_rollout_payload
    output = self.infer_rollout(payload, finished_callback=send_finished, refill_callback=refill_waiting)
             ^^^^^^^^^^^^^^^^^^^^^^^^^^^^^^^^^^^^^^^^^^^^^^^^^^^^^^^^^^^^^^^^^^^^^^^^^^^^^^^^^^^^^^^^^^^^
  File "/root/autodl-tmp/rist_p2_1_0f1024b/areno/engine/worker.py", line 132, in infer_rollout
    return self.inference.infer_rollout(
           ^^^^^^^^^^^^^^^^^^^^^^^^^^^^^
  File "/root/miniconda3/lib/python3.12/site-packages/torch/utils/_contextlib.py", line 120, in decorate_context
    return func(*args, **kwargs)
           ^^^^^^^^^^^^^^^^^^^^^
  File "/root/autodl-tmp/rist_p2_1_0f1024b/areno/engine/inference.py", line 243, in infer_rollout
    self._generate_rollout_tokens_no_sync(
  File "/root/miniconda3/lib/python3.12/site-packages/torch/utils/_contextlib.py", line 120, in decorate_context
    return func(*args, **kwargs)
           ^^^^^^^^^^^^^^^^^^^^^
  File "/root/autodl-tmp/rist_p2_1_0f1024b/areno/engine/inference.py", line 346, in _generate_rollout_tokens_no_sync
    admitted = self._admit_pending_rollout_rows(
               ^^^^^^^^^^^^^^^^^^^^^^^^^^^^^^^^^
  File "/root/autodl-tmp/rist_p2_1_0f1024b/areno/engine/inference.py", line 725, in _admit_pending_rollout_rows
    new_tokens, new_logprobs = self._infer_next_token_tensor(prefill)
                               ^^^^^^^^^^^^^^^^^^^^^^^^^^^^^^^^^^^^^^
  File "/root/miniconda3/lib/python3.12/site-packages/torch/utils/_contextlib.py", line 120, in decorate_context
    return func(*args, **kwargs)
           ^^^^^^^^^^^^^^^^^^^^^
  File "/root/autodl-tmp/rist_p2_1_0f1024b/areno/engine/inference.py", line 871, in _infer_next_token_tensor
    out = self.model(input_ids=input_ids, position_ids=position_ids, infer_meta=infer_meta)
          ^^^^^^^^^^^^^^^^^^^^^^^^^^^^^^^^^^^^^^^^^^^^^^^^^^^^^^^^^^^^^^^^^^^^^^^^^^^^^^^^^
  File "/root/miniconda3/lib/python3.12/site-packages/torch/_dynamo/eval_frame.py", line 375, in __call__
    return super().__call__(*args, **kwargs)
           ^^^^^^^^^^^^^^^^^^^^^^^^^^^^^^^^^
  File "/root/miniconda3/lib/python3.12/site-packages/torch/nn/modules/module.py", line 1773, in _wrapped_call_impl
    return self._call_impl(*args, **kwargs)
           ^^^^^^^^^^^^^^^^^^^^^^^^^^^^^^^^
  File "/root/miniconda3/lib/python3.12/site-packages/torch/nn/modules/module.py", line 1784, in _call_impl
    return forward_call(*args, **kwargs)
           ^^^^^^^^^^^^^^^^^^^^^^^^^^^^^
  File "/root/miniconda3/lib/python3.12/site-packages/torch/_dynamo/eval_frame.py", line 736, in compile_wrapper
    return fn(*args, **kwargs)
           ^^^^^^^^^^^^^^^^^^^
  File "/root/miniconda3/lib/python3.12/site-packages/torch/nn/modules/module.py", line 1773, in _wrapped_call_impl
    return self._call_impl(*args, **kwargs)
           ^^^^^^^^^^^^^^^^^^^^^^^^^^^^^^^^
  File "/root/miniconda3/lib/python3.12/site-packages/torch/nn/modules/module.py", line 1784, in _call_impl
    return forward_call(*args, **kwargs)
           ^^^^^^^^^^^^^^^^^^^^^^^^^^^^^
  File "/root/autodl-tmp/rist_p2_1_0f1024b/areno/models/gemma4/model.py", line 619, in forward
    hidden_states = self.embed_tokens(input_ids) * self.embed_scale
  File "/root/autodl-tmp/rist_p2_1_0f1024b/areno/models/gemma4/model.py", line 622, in torch_dynamo_resume_in_forward_at_619
    per_layer_inputs = _gemma4_per_layer_inputs_no_compile(self, hidden_states, input_ids)
  File "/root/autodl-tmp/rist_p2_1_0f1024b/areno/models/gemma4/model.py", line 662, in torch_dynamo_resume_in_forward_at_622
    logits_shard = cap * torch.tanh(logits_shard / cap)
                         ^^^^^^^^^^^^^^^^^^^^^^^^^^^^^^
torch.OutOfMemoryError: CUDA out of memory. Tried to allocate 338.00 MiB. GPU 0 has a total capacity of 23.52 GiB of which 81.44 MiB is free. Including non-PyTorch memory, this process has 23.43 GiB memory in use. Of the allocated memory 22.86 GiB is allocated by PyTorch, and 158.60 MiB is reserved by PyTorch but unallocated. If reserved but unallocated memory is large try setting PYTORCH_CUDA_ALLOC_CONF=expandable_segments:True to avoid fragmentation.  See documentation for Memory Management  (https://pytorch.org/docs/stable/notes/cuda.html#environment-variables)

INFO:     Shutting down
INFO:     Waiting for application shutdown.
ERROR:    Traceback (most recent call last):
  File "/root/miniconda3/lib/python3.12/site-packages/starlette/routing.py", line 638, in lifespan
    async with self.lifespan_context(app) as maybe_state:
  File "/root/miniconda3/lib/python3.12/site-packages/fastapi/routing.py", line 268, in __aexit__
    await self._router._shutdown()
  File "/root/miniconda3/lib/python3.12/site-packages/fastapi/routing.py", line 6391, in _shutdown
    await handler()
  File "/root/autodl-tmp/rist_p2_1_0f1024b/areno/cli/serve.py", line 229, in shutdown
    await state.engine.end_rollout_session_async()
  File "/root/autodl-tmp/rist_p2_1_0f1024b/areno/engine/api.py", line 175, in end_rollout_session_async
    await self.cluster.call_async(Op.ROLLOUT_SESSION_END)
  File "/root/autodl-tmp/rist_p2_1_0f1024b/areno/engine/protocol.py", line 335, in call_async
    return await asyncio.wait_for(future, timeout=timeout)
           ^^^^^^^^^^^^^^^^^^^^^^^^^^^^^^^^^^^^^^^^^^^^^^^
  File "/root/miniconda3/lib/python3.12/asyncio/tasks.py", line 520, in wait_for
    return await fut
           ^^^^^^^^^
RuntimeError: worker exited without reporting result during Op.ROLLOUT_SESSION_END: rank 0 pid 23234 exitcode -15

ERROR:    Application shutdown failed. Exiting.
INFO:     Finished server process [23099]
/root/miniconda3/lib/python3.12/multiprocessing/resource_tracker.py:254: UserWarning: resource_tracker: There appear to be 6 leaked semaphore objects to clean up at shutdown
  warnings.warn('resource_tracker: There appear to be %d '
